%!Adobe-FontList 1.24
%Locale:0x409

%BeginFont
Handler:DirectoryHandler
FontType:Invalid
OutlineFileName:/Users/danikawirch/Desktop/WIP/PZO14002-HC Prey For Death/PZO14002-HC 012-039 Chapter 1 Folder/Document fonts/AdobeFnt24.lst
FileLength:6454
FileModTime:737407983
%EndFont

%BeginFont
Handler:DirectoryHandler
FontType:TrueType
FontName:Aladin-Regular
FamilyName:Aladin
StyleName:Regular
MenuName:Aladin
StyleBits:0
WeightClass:400
WidthClass:5
AngleClass:0
FullName:Aladin Regular
WritingScript:Roman
OutlineFileName:/Users/danikawirch/Desktop/WIP/PZO14002-HC Prey For Death/PZO14002-HC 012-039 Chapter 1 Folder/Document fonts/Aladin-Regular.ttf
DataFormat:sfntData
hasSVG:no
hasSBIX:no
hasCOLR:no
VariableFontType:NonVariableFont
FileLength:40444
FileModTime:682375713
NameArray:0,Win,1,Aladin
%EndFont

%BeginFont
Handler:DirectoryHandler
FontType:Type1
FontName:GoodOT-Bold
FamilyName:Good OT
StyleName:Bold
MenuName:GoodOT-Bold
StyleBits:0
WeightClass:700
WidthClass:5
AngleClass:0
FullName:GoodOT-Bold
WritingScript:Roman
OutlineFileName:/Users/danikawirch/Desktop/WIP/PZO14002-HC Prey For Death/PZO14002-HC 012-039 Chapter 1 Folder/Document fonts/GoodOT-Bold.otf
DataFormat:sfntData
UsesStandardEncoding:yes
isCFF:yes
hasSVG:no
hasSBIX:no
hasCOLR:no
VariableFontType:NonVariableFont
FileLength:89364
FileModTime:416851182
NameArray:0,Mac,4,GoodOT-Bold
NameArray:0,Win,1,GoodOT-Bold
NameArray:0,Win,16,Good OT
%EndFont

%BeginFont
Handler:DirectoryHandler
FontType:Type1
FontName:GoodOT-BoldItalic
FamilyName:Good OT
StyleName:Bold Italic
MenuName:GoodOT-BoldItalic
StyleBits:0
WeightClass:700
WidthClass:5
AngleClass:1
FullName:GoodOT-BoldItalic
WritingScript:Roman
OutlineFileName:/Users/danikawirch/Desktop/WIP/PZO14002-HC Prey For Death/PZO14002-HC 012-039 Chapter 1 Folder/Document fonts/GoodOT-BoldItalic.otf
DataFormat:sfntData
UsesStandardEncoding:yes
isCFF:yes
hasSVG:no
hasSBIX:no
hasCOLR:no
VariableFontType:NonVariableFont
FileLength:92476
FileModTime:416851174
NameArray:0,Mac,4,GoodOT-BoldItalic
NameArray:0,Win,1,GoodOT-BoldItalic
NameArray:0,Win,16,Good OT
%EndFont

%BeginFont
Handler:DirectoryHandler
FontType:Type1
FontName:GoodOT-CondBold
FamilyName:Good OT
StyleName:Cond Bold
MenuName:GoodOT-CondBold
StyleBits:0
WeightClass:700
WidthClass:3
AngleClass:0
FullName:GoodOT-CondBold
WritingScript:Roman
OutlineFileName:/Users/danikawirch/Desktop/WIP/PZO14002-HC Prey For Death/PZO14002-HC 012-039 Chapter 1 Folder/Document fonts/GoodOT-CondBold.otf
DataFormat:sfntData
UsesStandardEncoding:yes
isCFF:yes
hasSVG:no
hasSBIX:no
hasCOLR:no
VariableFontType:NonVariableFont
FileLength:87948
FileModTime:416851206
NameArray:0,Mac,4,GoodOT-CondBold
NameArray:0,Win,1,GoodOT-CondBold
NameArray:0,Win,16,Good OT
%EndFont

%BeginFont
Handler:DirectoryHandler
FontType:Type1
FontName:GoodOT-Italic
FamilyName:Good OT
StyleName:Italic
MenuName:GoodOT-Italic
StyleBits:0
WeightClass:400
WidthClass:5
AngleClass:1
FullName:GoodOT-Italic
WritingScript:Roman
OutlineFileName:/Users/danikawirch/Desktop/WIP/PZO14002-HC Prey For Death/PZO14002-HC 012-039 Chapter 1 Folder/Document fonts/GoodOT-Italic.otf
DataFormat:sfntData
UsesStandardEncoding:yes
isCFF:yes
hasSVG:no
hasSBIX:no
hasCOLR:no
VariableFontType:NonVariableFont
FileLength:91248
FileModTime:416851474
NameArray:0,Mac,4,GoodOT-Italic
NameArray:0,Win,1,GoodOT-Italic
NameArray:0,Win,16,Good OT
%EndFont

%BeginFont
Handler:DirectoryHandler
FontType:Type1
FontName:GoodOT
FamilyName:Good OT
StyleName:Regular
MenuName:GoodOT
StyleBits:0
WeightClass:400
WidthClass:5
AngleClass:0
FullName:GoodOT
WritingScript:Roman
OutlineFileName:/Users/danikawirch/Desktop/WIP/PZO14002-HC Prey For Death/PZO14002-HC 012-039 Chapter 1 Folder/Document fonts/GoodOT.otf
DataFormat:sfntData
UsesStandardEncoding:yes
isCFF:yes
hasSVG:no
hasSBIX:no
hasCOLR:no
VariableFontType:NonVariableFont
FileLength:87460
FileModTime:416851434
NameArray:0,Mac,4,GoodOT
NameArray:0,Win,1,GoodOT
NameArray:0,Win,16,Good OT
%EndFont

%BeginFont
Handler:DirectoryHandler
FontType:Type1
FontName:SabonLTStd-Italic
FamilyName:Sabon LT Std
StyleName:Italic
MenuName:Sabon LT Std
StyleBits:1
WeightClass:400
WidthClass:5
AngleClass:1
FullName:Sabon LT Std Italic
WritingScript:Roman
OutlineFileName:/Users/danikawirch/Desktop/WIP/PZO14002-HC Prey For Death/PZO14002-HC 012-039 Chapter 1 Folder/Document fonts/Sabon-LT-Std-Italic_39083.ttf
DataFormat:sfntData
UsesStandardEncoding:yes
isCFF:yes
hasSVG:no
hasSBIX:no
hasCOLR:no
VariableFontType:NonVariableFont
FileLength:39392
FileModTime:577154520
NameArray:0,Mac,4,Sabon LT Std Italic
NameArray:0,Win,1,Sabon LT Std
%EndFont

%BeginFont
Handler:DirectoryHandler
FontType:Type1
FontName:SabonLTStd-Roman
FamilyName:Sabon LT Std
StyleName:Roman
MenuName:Sabon LT Std
StyleBits:0
WeightClass:400
WidthClass:5
AngleClass:0
FullName:Sabon LT Std Roman
WritingScript:Roman
OutlineFileName:/Users/danikawirch/Desktop/WIP/PZO14002-HC Prey For Death/PZO14002-HC 012-039 Chapter 1 Folder/Document fonts/SabonLTStd Roman.otf
DataFormat:sfntData
UsesStandardEncoding:yes
isCFF:yes
hasSVG:no
hasSBIX:no
hasCOLR:no
VariableFontType:NonVariableFont
FileLength:48688
FileModTime:74470710
NameArray:0,Mac,18,Sabon LT Std
NameArray:0,Mac,4,Sabon LT Std Roman
NameArray:0,Win,1,Sabon LT Std
%EndFont

%BeginFont
Handler:DirectoryHandler
FontType:TrueType
FontName:TimesNewRomanPS-BoldMT
FamilyName:Times New Roman
StyleName:Bold
MenuName:Times New Roman
StyleBits:2
WeightClass:700
WidthClass:5
AngleClass:0
FullName:Times New Roman Bold
WritingScript:Roman
OutlineFileName:/Users/danikawirch/Desktop/WIP/PZO14002-HC Prey For Death/PZO14002-HC 012-039 Chapter 1 Folder/Document fonts/Times New Roman Bold.ttf
DataFormat:sfntData
hasSVG:no
hasSBIX:no
hasCOLR:no
VariableFontType:NonVariableFont
FileLength:842168
FileModTime:737407982
NameArray:0,Mac,4,Times New Roman Bold
NameArray:0,Win,1,Times New Roman
%EndFont

%BeginFont
Handler:DirectoryHandler
FontType:Type1
FontName:TradeGothicLTStd-BdCn20
FamilyName:Trade Gothic LT Std
StyleName:Bold Condensed No. 20
MenuName:Trade Gothic LT Std Cn
StyleBits:2
WeightClass:700
WidthClass:3
AngleClass:0
FullName:Trade Gothic LT Std Bold Condensed No. 20
WritingScript:Roman
OutlineFileName:/Users/danikawirch/Desktop/WIP/PZO14002-HC Prey For Death/PZO14002-HC 012-039 Chapter 1 Folder/Document fonts/TradeGothicLTStd BdCn20 3.otf
DataFormat:sfntData
UsesStandardEncoding:yes
isCFF:yes
hasSVG:no
hasSBIX:no
hasCOLR:no
VariableFontType:NonVariableFont
FileLength:27556
FileModTime:566687865
NameArray:0,Mac,18,Trade Gothic LT Std Bold Cn
NameArray:0,Mac,4,Trade Gothic LT Std Bold Condensed No. 20
NameArray:0,Win,1,Trade Gothic LT Std Cn
NameArray:0,Win,16,Trade Gothic LT Std
%EndFont

